tcpdump: verbose output suppressed, use -v[v]... for full protocol decode
listening on contiki0, link-type EN10MB (Ethernet), snapshot length 262144 bytes
12:15:31.094567 12:09:61:9c:e2:97 > ff:ff:ff:ff:ff:ff, ethertype ARP (0x0806), length 42: Request who-has 172.16.0.2 tell 172.16.0.1, length 28
12:15:31.094610 00:06:98:01:02:29 > 12:09:61:9c:e2:97, ethertype ARP (0x0806), length 42: Reply 172.16.0.2 is-at 00:06:98:01:02:29, length 28
12:15:31.094621 12:09:61:9c:e2:97 > 00:06:98:01:02:29, ethertype IPv4 (0x0800), length 74: 172.16.0.1.37878 > 172.16.0.2.5900: Flags [S], seq 1438326816, win 64240, options [mss 1460,sackOK,TS val 2987516988 ecr 0,nop,wscale 10], length 0
12:15:31.096078 00:06:98:01:02:29 > 12:09:61:9c:e2:97, ethertype IPv4 (0x0800), length 58: 172.16.0.2.5900 > 172.16.0.1.37878: Flags [S.], seq 280, ack 1438326817, win 1500, options [mss 1446], length 0
12:15:31.096106 12:09:61:9c:e2:97 > 00:06:98:01:02:29, ethertype IPv4 (0x0800), length 54: 172.16.0.1.37878 > 172.16.0.2.5900: Flags [.], ack 1, win 64240, length 0
12:15:31.097640 00:06:98:01:02:29 > 12:09:61:9c:e2:97, ethertype IPv4 (0x0800), length 66: 172.16.0.2.5900 > 172.16.0.1.37878: Flags [P.], seq 1:13, ack 1, win 1500, length 12
12:15:31.097654 12:09:61:9c:e2:97 > 00:06:98:01:02:29, ethertype IPv4 (0x0800), length 54: 172.16.0.1.37878 > 172.16.0.2.5900: Flags [.], ack 13, win 64228, length 0
12:15:31.097775 12:09:61:9c:e2:97 > 00:06:98:01:02:29, ethertype IPv4 (0x0800), length 66: 172.16.0.1.37878 > 172.16.0.2.5900: Flags [P.], seq 1:13, ack 13, win 64228, length 12
12:15:31.100750 00:06:98:01:02:29 > 12:09:61:9c:e2:97, ethertype IPv4 (0x0800), length 58: 172.16.0.2.5900 > 172.16.0.1.37878: Flags [P.], seq 13:17, ack 13, win 1500, length 4
12:15:31.100794 12:09:61:9c:e2:97 > 00:06:98:01:02:29, ethertype IPv4 (0x0800), length 55: 172.16.0.1.37878 > 172.16.0.2.5900: Flags [P.], seq 13:14, ack 17, win 64224, length 1
12:15:31.101824 00:06:98:01:02:29 > 12:09:61:9c:e2:97, ethertype IPv4 (0x0800), length 82: 172.16.0.2.5900 > 172.16.0.1.37878: Flags [P.], seq 17:45, ack 14, win 1500, length 28
12:15:31.103623 12:09:61:9c:e2:97 > 00:06:98:01:02:29, ethertype IPv4 (0x0800), length 192: 172.16.0.1.37878 > 172.16.0.2.5900: Flags [P.], seq 14:152, ack 45, win 64196, length 138
12:15:31.104591 00:06:98:01:02:29 > 12:09:61:9c:e2:97, ethertype IPv4 (0x0800), length 54: 172.16.0.2.5900 > 172.16.0.1.37878: Flags [.], ack 152, win 1500, length 0
12:15:31.550749 00:06:98:01:02:29 > 12:09:61:9c:e2:97, ethertype IPv4 (0x0800), length 1300: 172.16.0.2.5900 > 172.16.0.1.37878: Flags [P.], seq 45:1291, ack 152, win 1500, length 1246
12:15:31.550849 12:09:61:9c:e2:97 > 00:06:98:01:02:29, ethertype IPv4 (0x0800), length 64: 172.16.0.1.37878 > 172.16.0.2.5900: Flags [P.], seq 152:162, ack 1291, win 65535, length 10
12:15:31.552512 00:06:98:01:02:29 > 12:09:61:9c:e2:97, ethertype IPv4 (0x0800), length 1300: 172.16.0.2.5900 > 172.16.0.1.37878: Flags [P.], seq 1291:2537, ack 162, win 1500, length 1246
12:15:31.593860 12:09:61:9c:e2:97 > 00:06:98:01:02:29, ethertype IPv4 (0x0800), length 54: 172.16.0.1.37878 > 172.16.0.2.5900: Flags [.], ack 2537, win 65535, length 0
12:15:31.595204 00:06:98:01:02:29 > 12:09:61:9c:e2:97, ethertype IPv4 (0x0800), length 1480: 172.16.0.2.5900 > 172.16.0.1.37878: Flags [P.], seq 2537:3963, ack 162, win 1500, length 1426
12:15:31.595221 12:09:61:9c:e2:97 > 00:06:98:01:02:29, ethertype IPv4 (0x0800), length 54: 172.16.0.1.37878 > 172.16.0.2.5900: Flags [.], ack 3963, win 65535, length 0
12:15:31.597632 00:06:98:01:02:29 > 12:09:61:9c:e2:97, ethertype IPv4 (0x0800), length 1300: 172.16.0.2.5900 > 172.16.0.1.37878: Flags [P.], seq 3963:5209, ack 162, win 1500, length 1246
12:15:31.597643 12:09:61:9c:e2:97 > 00:06:98:01:02:29, ethertype IPv4 (0x0800), length 54: 172.16.0.1.37878 > 172.16.0.2.5900: Flags [.], ack 5209, win 65535, length 0
12:15:31.598740 00:06:98:01:02:29 > 12:09:61:9c:e2:97, ethertype IPv4 (0x0800), length 1486: 172.16.0.2.5900 > 172.16.0.1.37878: Flags [P.], seq 5209:6641, ack 162, win 1500, length 1432
12:15:31.598750 12:09:61:9c:e2:97 > 00:06:98:01:02:29, ethertype IPv4 (0x0800), length 54: 172.16.0.1.37878 > 172.16.0.2.5900: Flags [.], ack 6641, win 65535, length 0
12:15:31.599794 00:06:98:01:02:29 > 12:09:61:9c:e2:97, ethertype IPv4 (0x0800), length 1486: 172.16.0.2.5900 > 172.16.0.1.37878: Flags [P.], seq 6641:8073, ack 162, win 1500, length 1432
12:15:31.599804 12:09:61:9c:e2:97 > 00:06:98:01:02:29, ethertype IPv4 (0x0800), length 54: 172.16.0.1.37878 > 172.16.0.2.5900: Flags [.], ack 8073, win 65535, length 0
12:15:31.600852 00:06:98:01:02:29 > 12:09:61:9c:e2:97, ethertype IPv4 (0x0800), length 1486: 172.16.0.2.5900 > 172.16.0.1.37878: Flags [P.], seq 8073:9505, ack 162, win 1500, length 1432
12:15:31.600862 12:09:61:9c:e2:97 > 00:06:98:01:02:29, ethertype IPv4 (0x0800), length 54: 172.16.0.1.37878 > 172.16.0.2.5900: Flags [.], ack 9505, win 65535, length 0
12:15:31.602035 00:06:98:01:02:29 > 12:09:61:9c:e2:97, ethertype IPv4 (0x0800), length 1318: 172.16.0.2.5900 > 172.16.0.1.37878: Flags [P.], seq 9505:10769, ack 162, win 1500, length 1264
12:15:31.602044 12:09:61:9c:e2:97 > 00:06:98:01:02:29, ethertype IPv4 (0x0800), length 54: 172.16.0.1.37878 > 172.16.0.2.5900: Flags [.], ack 10769, win 65535, length 0
12:15:31.603517 00:06:98:01:02:29 > 12:09:61:9c:e2:97, ethertype IPv4 (0x0800), length 1300: 172.16.0.2.5900 > 172.16.0.1.37878: Flags [P.], seq 10769:12015, ack 162, win 1500, length 1246
12:15:31.603526 12:09:61:9c:e2:97 > 00:06:98:01:02:29, ethertype IPv4 (0x0800), length 54: 172.16.0.1.37878 > 172.16.0.2.5900: Flags [.], ack 12015, win 65535, length 0
12:15:31.605545 00:06:98:01:02:29 > 12:09:61:9c:e2:97, ethertype IPv4 (0x0800), length 1390: 172.16.0.2.5900 > 172.16.0.1.37878: Flags [P.], seq 12015:13351, ack 162, win 1500, length 1336
12:15:31.605552 12:09:61:9c:e2:97 > 00:06:98:01:02:29, ethertype IPv4 (0x0800), length 54: 172.16.0.1.37878 > 172.16.0.2.5900: Flags [.], ack 13351, win 65535, length 0
12:15:31.607686 00:06:98:01:02:29 > 12:09:61:9c:e2:97, ethertype IPv4 (0x0800), length 1426: 172.16.0.2.5900 > 172.16.0.1.37878: Flags [P.], seq 13351:14723, ack 162, win 1500, length 1372
12:15:31.607694 12:09:61:9c:e2:97 > 00:06:98:01:02:29, ethertype IPv4 (0x0800), length 54: 172.16.0.1.37878 > 172.16.0.2.5900: Flags [.], ack 14723, win 65535, length 0
12:15:31.608793 00:06:98:01:02:29 > 12:09:61:9c:e2:97, ethertype IPv4 (0x0800), length 1354: 172.16.0.2.5900 > 172.16.0.1.37878: Flags [P.], seq 14723:16023, ack 162, win 1500, length 1300
12:15:31.608798 12:09:61:9c:e2:97 > 00:06:98:01:02:29, ethertype IPv4 (0x0800), length 54: 172.16.0.1.37878 > 172.16.0.2.5900: Flags [.], ack 16023, win 65535, length 0
12:15:31.611211 00:06:98:01:02:29 > 12:09:61:9c:e2:97, ethertype IPv4 (0x0800), length 1354: 172.16.0.2.5900 > 172.16.0.1.37878: Flags [P.], seq 16023:17323, ack 162, win 1500, length 1300
12:15:31.611221 12:09:61:9c:e2:97 > 00:06:98:01:02:29, ethertype IPv4 (0x0800), length 54: 172.16.0.1.37878 > 172.16.0.2.5900: Flags [.], ack 17323, win 65535, length 0
12:15:31.613511 00:06:98:01:02:29 > 12:09:61:9c:e2:97, ethertype IPv4 (0x0800), length 1354: 172.16.0.2.5900 > 172.16.0.1.37878: Flags [P.], seq 17323:18623, ack 162, win 1500, length 1300
12:15:31.613521 12:09:61:9c:e2:97 > 00:06:98:01:02:29, ethertype IPv4 (0x0800), length 54: 172.16.0.1.37878 > 172.16.0.2.5900: Flags [.], ack 18623, win 65535, length 0
12:15:31.615596 00:06:98:01:02:29 > 12:09:61:9c:e2:97, ethertype IPv4 (0x0800), length 1300: 172.16.0.2.5900 > 172.16.0.1.37878: Flags [P.], seq 18623:19869, ack 162, win 1500, length 1246
12:15:31.615602 12:09:61:9c:e2:97 > 00:06:98:01:02:29, ethertype IPv4 (0x0800), length 54: 172.16.0.1.37878 > 172.16.0.2.5900: Flags [.], ack 19869, win 65535, length 0
12:15:31.617543 00:06:98:01:02:29 > 12:09:61:9c:e2:97, ethertype IPv4 (0x0800), length 1390: 172.16.0.2.5900 > 172.16.0.1.37878: Flags [P.], seq 19869:21205, ack 162, win 1500, length 1336
12:15:31.617551 12:09:61:9c:e2:97 > 00:06:98:01:02:29, ethertype IPv4 (0x0800), length 54: 172.16.0.1.37878 > 172.16.0.2.5900: Flags [.], ack 21205, win 65535, length 0
12:15:31.618723 00:06:98:01:02:29 > 12:09:61:9c:e2:97, ethertype IPv4 (0x0800), length 1354: 172.16.0.2.5900 > 172.16.0.1.37878: Flags [P.], seq 21205:22505, ack 162, win 1500, length 1300
12:15:31.618733 12:09:61:9c:e2:97 > 00:06:98:01:02:29, ethertype IPv4 (0x0800), length 54: 172.16.0.1.37878 > 172.16.0.2.5900: Flags [.], ack 22505, win 65535, length 0
12:15:31.620292 00:06:98:01:02:29 > 12:09:61:9c:e2:97, ethertype IPv4 (0x0800), length 1354: 172.16.0.2.5900 > 172.16.0.1.37878: Flags [P.], seq 22505:23805, ack 162, win 1500, length 1300
12:15:31.620308 12:09:61:9c:e2:97 > 00:06:98:01:02:29, ethertype IPv4 (0x0800), length 54: 172.16.0.1.37878 > 172.16.0.2.5900: Flags [.], ack 23805, win 65535, length 0
12:15:31.621675 00:06:98:01:02:29 > 12:09:61:9c:e2:97, ethertype IPv4 (0x0800), length 1354: 172.16.0.2.5900 > 172.16.0.1.37878: Flags [P.], seq 23805:25105, ack 162, win 1500, length 1300
12:15:31.621685 12:09:61:9c:e2:97 > 00:06:98:01:02:29, ethertype IPv4 (0x0800), length 54: 172.16.0.1.37878 > 172.16.0.2.5900: Flags [.], ack 25105, win 65535, length 0
12:15:31.622864 00:06:98:01:02:29 > 12:09:61:9c:e2:97, ethertype IPv4 (0x0800), length 1300: 172.16.0.2.5900 > 172.16.0.1.37878: Flags [P.], seq 25105:26351, ack 162, win 1500, length 1246
12:15:31.622874 12:09:61:9c:e2:97 > 00:06:98:01:02:29, ethertype IPv4 (0x0800), length 54: 172.16.0.1.37878 > 172.16.0.2.5900: Flags [.], ack 26351, win 65535, length 0
12:15:31.623945 00:06:98:01:02:29 > 12:09:61:9c:e2:97, ethertype IPv4 (0x0800), length 1354: 172.16.0.2.5900 > 172.16.0.1.37878: Flags [P.], seq 26351:27651, ack 162, win 1500, length 1300
12:15:31.623956 12:09:61:9c:e2:97 > 00:06:98:01:02:29, ethertype IPv4 (0x0800), length 54: 172.16.0.1.37878 > 172.16.0.2.5900: Flags [.], ack 27651, win 65535, length 0
12:15:31.625135 00:06:98:01:02:29 > 12:09:61:9c:e2:97, ethertype IPv4 (0x0800), length 1354: 172.16.0.2.5900 > 172.16.0.1.37878: Flags [P.], seq 27651:28951, ack 162, win 1500, length 1300
12:15:31.625145 12:09:61:9c:e2:97 > 00:06:98:01:02:29, ethertype IPv4 (0x0800), length 54: 172.16.0.1.37878 > 172.16.0.2.5900: Flags [.], ack 28951, win 65535, length 0
12:15:31.626286 00:06:98:01:02:29 > 12:09:61:9c:e2:97, ethertype IPv4 (0x0800), length 1354: 172.16.0.2.5900 > 172.16.0.1.37878: Flags [P.], seq 28951:30251, ack 162, win 1500, length 1300
12:15:31.626298 12:09:61:9c:e2:97 > 00:06:98:01:02:29, ethertype IPv4 (0x0800), length 54: 172.16.0.1.37878 > 172.16.0.2.5900: Flags [.], ack 30251, win 65535, length 0
12:15:31.627882 00:06:98:01:02:29 > 12:09:61:9c:e2:97, ethertype IPv4 (0x0800), length 1354: 172.16.0.2.5900 > 172.16.0.1.37878: Flags [P.], seq 30251:31551, ack 162, win 1500, length 1300
12:15:31.627893 12:09:61:9c:e2:97 > 00:06:98:01:02:29, ethertype IPv4 (0x0800), length 54: 172.16.0.1.37878 > 172.16.0.2.5900: Flags [.], ack 31551, win 65535, length 0
12:15:31.629011 00:06:98:01:02:29 > 12:09:61:9c:e2:97, ethertype IPv4 (0x0800), length 1336: 172.16.0.2.5900 > 172.16.0.1.37878: Flags [P.], seq 31551:32833, ack 162, win 1500, length 1282
12:15:31.629043 12:09:61:9c:e2:97 > 00:06:98:01:02:29, ethertype IPv4 (0x0800), length 54: 172.16.0.1.37878 > 172.16.0.2.5900: Flags [.], ack 32833, win 65535, length 0
12:15:31.630621 00:06:98:01:02:29 > 12:09:61:9c:e2:97, ethertype IPv4 (0x0800), length 1318: 172.16.0.2.5900 > 172.16.0.1.37878: Flags [P.], seq 32833:34097, ack 162, win 1500, length 1264
12:15:31.630659 12:09:61:9c:e2:97 > 00:06:98:01:02:29, ethertype IPv4 (0x0800), length 54: 172.16.0.1.37878 > 172.16.0.2.5900: Flags [.], ack 34097, win 65535, length 0
12:15:31.631895 00:06:98:01:02:29 > 12:09:61:9c:e2:97, ethertype IPv4 (0x0800), length 1354: 172.16.0.2.5900 > 172.16.0.1.37878: Flags [P.], seq 34097:35397, ack 162, win 1500, length 1300
12:15:31.631934 12:09:61:9c:e2:97 > 00:06:98:01:02:29, ethertype IPv4 (0x0800), length 54: 172.16.0.1.37878 > 172.16.0.2.5900: Flags [.], ack 35397, win 65535, length 0
12:15:31.633043 00:06:98:01:02:29 > 12:09:61:9c:e2:97, ethertype IPv4 (0x0800), length 1354: 172.16.0.2.5900 > 172.16.0.1.37878: Flags [P.], seq 35397:36697, ack 162, win 1500, length 1300
12:15:31.633075 12:09:61:9c:e2:97 > 00:06:98:01:02:29, ethertype IPv4 (0x0800), length 54: 172.16.0.1.37878 > 172.16.0.2.5900: Flags [.], ack 36697, win 65535, length 0
12:15:31.634139 00:06:98:01:02:29 > 12:09:61:9c:e2:97, ethertype IPv4 (0x0800), length 1318: 172.16.0.2.5900 > 172.16.0.1.37878: Flags [P.], seq 36697:37961, ack 162, win 1500, length 1264
12:15:31.634172 12:09:61:9c:e2:97 > 00:06:98:01:02:29, ethertype IPv4 (0x0800), length 54: 172.16.0.1.37878 > 172.16.0.2.5900: Flags [.], ack 37961, win 65535, length 0
12:15:31.635650 00:06:98:01:02:29 > 12:09:61:9c:e2:97, ethertype IPv4 (0x0800), length 1486: 172.16.0.2.5900 > 172.16.0.1.37878: Flags [P.], seq 37961:39393, ack 162, win 1500, length 1432
12:15:31.635684 12:09:61:9c:e2:97 > 00:06:98:01:02:29, ethertype IPv4 (0x0800), length 54: 172.16.0.1.37878 > 172.16.0.2.5900: Flags [.], ack 39393, win 65535, length 0
12:15:31.636755 00:06:98:01:02:29 > 12:09:61:9c:e2:97, ethertype IPv4 (0x0800), length 1486: 172.16.0.2.5900 > 172.16.0.1.37878: Flags [P.], seq 39393:40825, ack 162, win 1500, length 1432
12:15:31.636793 12:09:61:9c:e2:97 > 00:06:98:01:02:29, ethertype IPv4 (0x0800), length 54: 172.16.0.1.37878 > 172.16.0.2.5900: Flags [.], ack 40825, win 65535, length 0
12:15:31.638018 00:06:98:01:02:29 > 12:09:61:9c:e2:97, ethertype IPv4 (0x0800), length 1486: 172.16.0.2.5900 > 172.16.0.1.37878: Flags [P.], seq 40825:42257, ack 162, win 1500, length 1432
12:15:31.638058 12:09:61:9c:e2:97 > 00:06:98:01:02:29, ethertype IPv4 (0x0800), length 54: 172.16.0.1.37878 > 172.16.0.2.5900: Flags [.], ack 42257, win 65535, length 0
12:15:31.639590 00:06:98:01:02:29 > 12:09:61:9c:e2:97, ethertype IPv4 (0x0800), length 1300: 172.16.0.2.5900 > 172.16.0.1.37878: Flags [P.], seq 42257:43503, ack 162, win 1500, length 1246
12:15:31.639623 12:09:61:9c:e2:97 > 00:06:98:01:02:29, ethertype IPv4 (0x0800), length 54: 172.16.0.1.37878 > 172.16.0.2.5900: Flags [.], ack 43503, win 65535, length 0
12:15:31.641088 00:06:98:01:02:29 > 12:09:61:9c:e2:97, ethertype IPv4 (0x0800), length 1318: 172.16.0.2.5900 > 172.16.0.1.37878: Flags [P.], seq 43503:44767, ack 162, win 1500, length 1264
12:15:31.641129 12:09:61:9c:e2:97 > 00:06:98:01:02:29, ethertype IPv4 (0x0800), length 54: 172.16.0.1.37878 > 172.16.0.2.5900: Flags [.], ack 44767, win 65535, length 0
12:15:31.642233 00:06:98:01:02:29 > 12:09:61:9c:e2:97, ethertype IPv4 (0x0800), length 1486: 172.16.0.2.5900 > 172.16.0.1.37878: Flags [P.], seq 44767:46199, ack 162, win 1500, length 1432
12:15:31.642261 12:09:61:9c:e2:97 > 00:06:98:01:02:29, ethertype IPv4 (0x0800), length 54: 172.16.0.1.37878 > 172.16.0.2.5900: Flags [.], ack 46199, win 65535, length 0
12:15:31.644000 00:06:98:01:02:29 > 12:09:61:9c:e2:97, ethertype IPv4 (0x0800), length 1354: 172.16.0.2.5900 > 172.16.0.1.37878: Flags [P.], seq 46199:47499, ack 162, win 1500, length 1300
12:15:31.644045 12:09:61:9c:e2:97 > 00:06:98:01:02:29, ethertype IPv4 (0x0800), length 54: 172.16.0.1.37878 > 172.16.0.2.5900: Flags [.], ack 47499, win 65535, length 0
12:15:31.645288 00:06:98:01:02:29 > 12:09:61:9c:e2:97, ethertype IPv4 (0x0800), length 1354: 172.16.0.2.5900 > 172.16.0.1.37878: Flags [P.], seq 47499:48799, ack 162, win 1500, length 1300
12:15:31.685597 12:09:61:9c:e2:97 > 00:06:98:01:02:29, ethertype IPv4 (0x0800), length 54: 172.16.0.1.37878 > 172.16.0.2.5900: Flags [.], ack 48799, win 65535, length 0
12:15:31.686546 00:06:98:01:02:29 > 12:09:61:9c:e2:97, ethertype IPv4 (0x0800), length 1300: 172.16.0.2.5900 > 172.16.0.1.37878: Flags [P.], seq 48799:50045, ack 162, win 1500, length 1246
12:15:31.686628 12:09:61:9c:e2:97 > 00:06:98:01:02:29, ethertype IPv4 (0x0800), length 54: 172.16.0.1.37878 > 172.16.0.2.5900: Flags [.], ack 50045, win 65535, length 0
12:15:31.687694 00:06:98:01:02:29 > 12:09:61:9c:e2:97, ethertype IPv4 (0x0800), length 1300: 172.16.0.2.5900 > 172.16.0.1.37878: Flags [P.], seq 50045:51291, ack 162, win 1500, length 1246
12:15:31.728530 12:09:61:9c:e2:97 > 00:06:98:01:02:29, ethertype IPv4 (0x0800), length 54: 172.16.0.1.37878 > 172.16.0.2.5900: Flags [.], ack 51291, win 65535, length 0
12:15:34.010735 12:09:61:9c:e2:97 > 33:33:00:00:00:02, ethertype IPv6 (0x86dd), length 70: fe80::1009:61ff:fe9c:e297 > ff02::2: ICMP6, router solicitation, length 16
12:15:37.065444 12:09:61:9c:e2:97 > 00:06:98:01:02:29, ethertype IPv4 (0x0800), length 54: 172.16.0.1.37878 > 172.16.0.2.5900: Flags [F.], seq 162, ack 51291, win 65535, length 0
12:15:37.065705 00:06:98:01:02:29 > 12:09:61:9c:e2:97, ethertype IPv4 (0x0800), length 54: 172.16.0.2.5900 > 172.16.0.1.37878: Flags [F.], seq 51291, ack 163, win 1500, length 0
12:15:37.065749 12:09:61:9c:e2:97 > 00:06:98:01:02:29, ethertype IPv4 (0x0800), length 54: 172.16.0.1.37878 > 172.16.0.2.5900: Flags [.], ack 51292, win 65535, length 0
